2026-06-12 16:33:44.460 [info] Reading sessions from keychain...
2026-06-12 16:33:44.460 [info] Getting sessions for all scopes...
2026-06-12 16:33:45.347 [info] Got stored sessions!
2026-06-12 16:33:45.348 [info] Got 1 verified sessions.
2026-06-12 16:33:45.348 [info] Got 1 sessions for ...
2026-06-12 16:33:45.348 [info] Getting sessions for all scopes...
2026-06-12 16:33:45.348 [info] Got 1 sessions for ...
2026-06-12 16:33:45.742 [info] Getting sessions for all scopes...
2026-06-12 16:33:45.743 [info] Got 1 sessions for ...
2026-06-12 16:33:45.923 [info] Getting sessions for all scopes...
2026-06-12 16:33:45.923 [info] Got 1 sessions for ...
2026-06-12 16:33:55.711 [info] Getting sessions for user:email...
2026-06-12 16:33:55.712 [info] Got 1 sessions for user:email...
2026-06-12 16:33:55.780 [info] Getting sessions for all scopes...
2026-06-12 16:33:55.780 [info] Got 1 sessions for ...
2026-06-12 16:33:56.947 [info] FetcherService: Electron fetch failed with status: 429 
2026-06-12 16:33:56.987 [info] Unable to resolve optional EDU details. Status: 429 
2026-06-12 16:33:57.158 [info] Getting sessions for all scopes...
2026-06-12 16:33:57.158 [info] Got 1 sessions for ...
2026-06-12 16:33:57.159 [info] Getting sessions for all scopes...
2026-06-12 16:33:57.159 [info] Got 1 sessions for ...
2026-06-12 16:33:59.773 [info] Getting sessions for read:user,repo,user:email,workflow...
2026-06-12 16:33:59.773 [info] Got 0 sessions for read:user,repo,user:email,workflow...
2026-06-12 16:34:03.454 [info] Getting sessions for all scopes...
2026-06-12 16:34:03.454 [info] Got 1 sessions for ...
2026-06-12 16:34:03.468 [info] Getting sessions for all scopes...
2026-06-12 16:34:03.468 [info] Got 1 sessions for ...
2026-06-12 16:34:03.523 [info] Getting sessions for all scopes...
2026-06-12 16:34:03.523 [info] Got 1 sessions for ...
2026-06-12 16:34:03.540 [info] Getting sessions for user:email...
2026-06-12 16:34:03.540 [info] Got 1 sessions for user:email...
2026-06-12 16:34:03.541 [info] Getting sessions for read:user,repo,user:email,workflow...
2026-06-12 16:34:03.541 [info] Got 0 sessions for read:user,repo,user:email,workflow...
2026-06-12 16:34:03.578 [info] Getting sessions for user:email...
2026-06-12 16:34:03.578 [info] Got 1 sessions for user:email...
2026-06-12 16:34:03.582 [info] Getting sessions for user:email...
2026-06-12 16:34:03.582 [info] Got 1 sessions for user:email...
2026-06-12 16:34:03.582 [info] Getting sessions for all scopes...
2026-06-12 16:34:03.582 [info] Got 1 sessions for ...
2026-06-12 16:34:03.583 [info] Getting sessions for all scopes...
2026-06-12 16:34:03.583 [info] Got 1 sessions for ...
2026-06-12 16:34:03.630 [info] Getting sessions for read:user,repo,user:email,workflow...
2026-06-12 16:34:03.630 [info] Got 0 sessions for read:user,repo,user:email,workflow...
2026-06-12 16:34:03.639 [info] Getting sessions for user:email...
2026-06-12 16:34:03.639 [info] Got 1 sessions for user:email...
2026-06-12 16:34:03.640 [info] Getting sessions for read:user,repo,user:email,workflow...
2026-06-12 16:34:03.640 [info] Got 0 sessions for read:user,repo,user:email,workflow...
2026-06-12 16:34:04.268 [info] Getting sessions for all scopes...
2026-06-12 16:34:04.268 [info] Got 1 sessions for ...
2026-06-12 16:34:04.268 [info] Getting sessions for all scopes...
2026-06-12 16:34:04.268 [info] Got 1 sessions for ...
2026-06-12 16:34:04.434 [info] Getting sessions for read:user,repo,user:email,workflow...
2026-06-12 16:34:04.434 [info] Got 0 sessions for read:user,repo,user:email,workflow...
2026-06-12 16:34:04.440 [info] Getting sessions for user:email...
2026-06-12 16:34:04.440 [info] Got 1 sessions for user:email...
2026-06-12 16:34:04.441 [info] Getting sessions for read:user,repo,user:email,workflow...
2026-06-12 16:34:04.441 [info] Got 0 sessions for read:user,repo,user:email,workflow...
2026-06-12 16:34:05.890 [info] Getting sessions for all scopes...
2026-06-12 16:34:05.890 [info] Got 1 sessions for ...
2026-06-12 16:34:05.892 [info] Getting sessions for all scopes...
2026-06-12 16:34:05.892 [info] Got 1 sessions for ...
2026-06-12 16:34:05.894 [info] Getting sessions for all scopes...
2026-06-12 16:34:05.894 [info] Got 1 sessions for ...
2026-06-12 16:34:05.942 [info] Getting sessions for all scopes...
2026-06-12 16:34:05.942 [info] Got 1 sessions for ...
2026-06-12 16:34:06.042 [info] Getting sessions for read:user,repo,user:email,workflow...
2026-06-12 16:34:06.042 [info] Got 0 sessions for read:user,repo,user:email,workflow...
2026-06-12 16:34:06.224 [info] Getting sessions for user:email...
2026-06-12 16:34:06.224 [info] Got 1 sessions for user:email...
2026-06-12 16:34:06.226 [info] Getting sessions for read:user,repo,user:email,workflow...
2026-06-12 16:34:06.226 [info] Got 0 sessions for read:user,repo,user:email,workflow...
2026-06-12 16:34:06.492 [info] Getting sessions for all scopes...
2026-06-12 16:34:06.492 [info] Got 1 sessions for ...
2026-06-12 16:34:06.684 [info] Getting sessions for all scopes...
2026-06-12 16:34:06.684 [info] Got 1 sessions for ...
2026-06-12 16:34:06.697 [info] Getting sessions for read:user,repo,user:email,workflow...
2026-06-12 16:34:06.697 [info] Got 0 sessions for read:user,repo,user:email,workflow...
2026-06-12 16:34:06.873 [info] Getting sessions for all scopes...
2026-06-12 16:34:06.874 [info] Got 1 sessions for ...
2026-06-12 16:34:06.877 [info] Getting sessions for user:email...
2026-06-12 16:34:06.877 [info] Got 1 sessions for user:email...
2026-06-12 16:34:06.880 [info] Getting sessions for read:user,repo,user:email,workflow...
2026-06-12 16:34:06.880 [info] Got 0 sessions for read:user,repo,user:email,workflow...
2026-06-12 16:34:06.881 [info] Getting sessions for all scopes...
2026-06-12 16:34:06.881 [info] Got 1 sessions for ...
