2026-06-12 16:27:33.134 [info] Reading sessions from keychain...
2026-06-12 16:27:33.134 [info] Getting sessions for all scopes...
2026-06-12 16:27:33.134 [info] Got stored sessions!
2026-06-12 16:27:33.134 [info] Got 1 verified sessions.
2026-06-12 16:27:33.134 [info] Got 1 sessions for ...
2026-06-12 16:27:33.134 [info] Getting sessions for all scopes...
2026-06-12 16:27:33.134 [info] Got 1 sessions for ...
2026-06-12 16:27:33.134 [info] Getting sessions for all scopes...
2026-06-12 16:27:33.134 [info] Got 1 sessions for ...
2026-06-12 16:27:33.639 [info] FetcherService: Electron fetch failed with status: 429 
2026-06-12 16:27:33.676 [info] Unable to resolve optional EDU details. Status: 429 
2026-06-12 16:27:43.368 [info] Getting sessions for all scopes...
2026-06-12 16:27:43.368 [info] Got 1 sessions for ...
2026-06-12 16:27:43.426 [info] Getting sessions for user:email...
2026-06-12 16:27:43.426 [info] Got 1 sessions for user:email...
2026-06-12 16:27:43.570 [info] Getting sessions for all scopes...
2026-06-12 16:27:43.570 [info] Got 1 sessions for ...
2026-06-12 16:27:44.205 [info] Getting sessions for all scopes...
2026-06-12 16:27:44.205 [info] Got 1 sessions for ...
2026-06-12 16:27:44.205 [info] Getting sessions for all scopes...
2026-06-12 16:27:44.205 [info] Got 1 sessions for ...
2026-06-12 16:27:45.557 [info] Getting sessions for read:user,repo,user:email,workflow...
2026-06-12 16:27:45.557 [info] Got 0 sessions for read:user,repo,user:email,workflow...
2026-06-12 16:27:51.741 [info] Getting sessions for all scopes...
2026-06-12 16:27:51.741 [info] Got 1 sessions for ...
2026-06-12 16:27:51.749 [info] Getting sessions for all scopes...
2026-06-12 16:27:51.749 [info] Got 1 sessions for ...
2026-06-12 16:27:51.862 [info] Getting sessions for all scopes...
2026-06-12 16:27:51.862 [info] Got 1 sessions for ...
2026-06-12 16:27:51.863 [info] Getting sessions for user:email...
2026-06-12 16:27:51.863 [info] Got 1 sessions for user:email...
2026-06-12 16:27:51.863 [info] Getting sessions for read:user,repo,user:email,workflow...
2026-06-12 16:27:51.863 [info] Got 0 sessions for read:user,repo,user:email,workflow...
2026-06-12 16:27:52.041 [info] Getting sessions for user:email...
2026-06-12 16:27:52.042 [info] Got 1 sessions for user:email...
2026-06-12 16:27:52.048 [info] Getting sessions for user:email...
2026-06-12 16:27:52.048 [info] Got 1 sessions for user:email...
2026-06-12 16:27:52.048 [info] Getting sessions for all scopes...
2026-06-12 16:27:52.048 [info] Got 1 sessions for ...
2026-06-12 16:27:52.049 [info] Getting sessions for all scopes...
2026-06-12 16:27:52.049 [info] Got 1 sessions for ...
2026-06-12 16:27:52.072 [info] Getting sessions for read:user,repo,user:email,workflow...
2026-06-12 16:27:52.073 [info] Got 0 sessions for read:user,repo,user:email,workflow...
2026-06-12 16:27:52.081 [info] Getting sessions for user:email...
2026-06-12 16:27:52.082 [info] Got 1 sessions for user:email...
2026-06-12 16:27:52.082 [info] Getting sessions for read:user,repo,user:email,workflow...
2026-06-12 16:27:52.082 [info] Got 0 sessions for read:user,repo,user:email,workflow...
2026-06-12 16:27:52.818 [info] Getting sessions for all scopes...
2026-06-12 16:27:52.818 [info] Got 1 sessions for ...
2026-06-12 16:27:52.819 [info] Getting sessions for all scopes...
2026-06-12 16:27:52.819 [info] Got 1 sessions for ...
2026-06-12 16:27:52.826 [info] Getting sessions for read:user,repo,user:email,workflow...
2026-06-12 16:27:52.826 [info] Got 0 sessions for read:user,repo,user:email,workflow...
2026-06-12 16:27:52.830 [info] Getting sessions for user:email...
2026-06-12 16:27:52.830 [info] Got 1 sessions for user:email...
2026-06-12 16:27:52.831 [info] Getting sessions for read:user,repo,user:email,workflow...
2026-06-12 16:27:52.831 [info] Got 0 sessions for read:user,repo,user:email,workflow...
2026-06-12 16:27:53.646 [info] Getting sessions for all scopes...
2026-06-12 16:27:53.646 [info] Got 1 sessions for ...
2026-06-12 16:27:53.727 [info] Getting sessions for all scopes...
2026-06-12 16:27:53.727 [info] Got 1 sessions for ...
2026-06-12 16:27:53.729 [info] Getting sessions for all scopes...
2026-06-12 16:27:53.729 [info] Got 1 sessions for ...
2026-06-12 16:27:53.743 [info] Getting sessions for all scopes...
2026-06-12 16:27:53.743 [info] Got 1 sessions for ...
2026-06-12 16:27:53.819 [info] Getting sessions for read:user,repo,user:email,workflow...
2026-06-12 16:27:53.819 [info] Got 0 sessions for read:user,repo,user:email,workflow...
2026-06-12 16:27:53.829 [info] Getting sessions for user:email...
2026-06-12 16:27:53.829 [info] Got 1 sessions for user:email...
2026-06-12 16:27:53.830 [info] Getting sessions for read:user,repo,user:email,workflow...
2026-06-12 16:27:53.830 [info] Got 0 sessions for read:user,repo,user:email,workflow...
2026-06-12 16:27:54.152 [info] Getting sessions for all scopes...
2026-06-12 16:27:54.152 [info] Got 1 sessions for ...
2026-06-12 16:27:54.217 [info] Getting sessions for all scopes...
2026-06-12 16:27:54.217 [info] Got 1 sessions for ...
2026-06-12 16:27:54.263 [info] Getting sessions for read:user,repo,user:email,workflow...
2026-06-12 16:27:54.263 [info] Got 0 sessions for read:user,repo,user:email,workflow...
2026-06-12 16:27:54.317 [info] Getting sessions for user:email...
2026-06-12 16:27:54.317 [info] Got 1 sessions for user:email...
2026-06-12 16:27:54.318 [info] Getting sessions for read:user,repo,user:email,workflow...
2026-06-12 16:27:54.318 [info] Got 0 sessions for read:user,repo,user:email,workflow...
2026-06-12 16:28:38.184 [info] Getting sessions for all scopes...
2026-06-12 16:28:38.184 [info] Got 1 sessions for ...
2026-06-12 16:28:38.186 [info] Getting sessions for all scopes...
2026-06-12 16:28:38.186 [info] Got 1 sessions for ...
2026-06-12 16:28:53.667 [info] Getting sessions for all scopes...
2026-06-12 16:28:53.667 [info] Got 1 sessions for ...
2026-06-12 16:28:53.669 [info] Getting sessions for all scopes...
2026-06-12 16:28:53.669 [info] Got 1 sessions for ...
2026-06-12 16:29:00.295 [info] Getting sessions for all scopes...
2026-06-12 16:29:00.295 [info] Got 1 sessions for ...
2026-06-12 16:29:00.302 [info] Getting sessions for all scopes...
2026-06-12 16:29:00.302 [info] Got 1 sessions for ...
2026-06-12 16:29:12.226 [info] Getting sessions for all scopes...
2026-06-12 16:29:12.226 [info] Got 1 sessions for ...
2026-06-12 16:29:12.228 [info] Getting sessions for all scopes...
2026-06-12 16:29:12.228 [info] Got 1 sessions for ...
2026-06-12 16:29:16.190 [info] Getting sessions for all scopes...
2026-06-12 16:29:16.191 [info] Got 1 sessions for ...
2026-06-12 16:29:16.226 [info] Getting sessions for all scopes...
2026-06-12 16:29:16.226 [info] Got 1 sessions for ...
2026-06-12 16:29:27.465 [info] Getting sessions for all scopes...
2026-06-12 16:29:27.466 [info] Got 1 sessions for ...
2026-06-12 16:29:27.472 [info] Getting sessions for all scopes...
2026-06-12 16:29:27.472 [info] Got 1 sessions for ...
2026-06-12 16:29:32.717 [info] Getting sessions for all scopes...
2026-06-12 16:29:32.717 [info] Got 1 sessions for ...
2026-06-12 16:29:32.720 [info] Getting sessions for all scopes...
2026-06-12 16:29:32.720 [info] Got 1 sessions for ...
2026-06-12 16:30:03.744 [info] Getting sessions for all scopes...
2026-06-12 16:30:03.744 [info] Got 1 sessions for ...
2026-06-12 16:30:03.746 [info] Getting sessions for all scopes...
2026-06-12 16:30:03.746 [info] Got 1 sessions for ...
