2026-06-12 16:23:30.106 [info] Reading sessions from keychain...
2026-06-12 16:23:30.106 [info] Getting sessions for all scopes...
2026-06-12 16:23:30.287 [info] Got stored sessions!
2026-06-12 16:23:30.288 [info] Got 1 verified sessions.
2026-06-12 16:23:30.288 [info] Got 1 sessions for ...
2026-06-12 16:23:30.288 [info] Getting sessions for all scopes...
2026-06-12 16:23:30.288 [info] Got 1 sessions for ...
2026-06-12 16:23:30.327 [info] Getting sessions for all scopes...
2026-06-12 16:23:30.328 [info] Got 1 sessions for ...
2026-06-12 16:23:30.736 [info] Getting sessions for all scopes...
2026-06-12 16:23:30.736 [info] Got 1 sessions for ...
2026-06-12 16:23:40.273 [info] Getting sessions for user:email...
2026-06-12 16:23:40.274 [info] Got 1 sessions for user:email...
2026-06-12 16:23:40.358 [info] Getting sessions for all scopes...
2026-06-12 16:23:40.358 [info] Got 1 sessions for ...
2026-06-12 16:23:41.394 [info] FetcherService: Electron fetch failed with status: 429 
2026-06-12 16:23:41.439 [info] Unable to resolve optional EDU details. Status: 429 
2026-06-12 16:23:41.613 [info] Getting sessions for all scopes...
2026-06-12 16:23:41.613 [info] Got 1 sessions for ...
2026-06-12 16:23:41.613 [info] Getting sessions for all scopes...
2026-06-12 16:23:41.614 [info] Got 1 sessions for ...
2026-06-12 16:23:44.011 [info] Getting sessions for read:user,repo,user:email,workflow...
2026-06-12 16:23:44.012 [info] Got 0 sessions for read:user,repo,user:email,workflow...
2026-06-12 16:23:51.013 [info] Getting sessions for user:email...
2026-06-12 16:23:51.013 [info] Got 1 sessions for user:email...
2026-06-12 16:23:51.014 [info] Getting sessions for read:user,repo,user:email,workflow...
2026-06-12 16:23:51.014 [info] Got 0 sessions for read:user,repo,user:email,workflow...
2026-06-12 16:23:51.069 [info] Getting sessions for all scopes...
2026-06-12 16:23:51.069 [info] Got 1 sessions for ...
2026-06-12 16:23:51.240 [info] Getting sessions for read:user,repo,user:email,workflow...
2026-06-12 16:23:51.241 [info] Got 0 sessions for read:user,repo,user:email,workflow...
2026-06-12 16:23:51.570 [info] Getting sessions for user:email...
2026-06-12 16:23:51.571 [info] Got 1 sessions for user:email...
2026-06-12 16:23:51.590 [info] Getting sessions for all scopes...
2026-06-12 16:23:51.590 [info] Got 1 sessions for ...
2026-06-12 16:23:51.591 [info] Getting sessions for read:user,repo,user:email,workflow...
2026-06-12 16:23:51.591 [info] Got 0 sessions for read:user,repo,user:email,workflow...
2026-06-12 16:23:51.740 [info] Getting sessions for user:email...
2026-06-12 16:23:51.740 [info] Got 1 sessions for user:email...
2026-06-12 16:23:52.601 [info] Getting sessions for all scopes...
2026-06-12 16:23:52.601 [info] Got 1 sessions for ...
2026-06-12 16:23:52.602 [info] Getting sessions for all scopes...
2026-06-12 16:23:52.602 [info] Got 1 sessions for ...
2026-06-12 16:23:52.720 [info] Getting sessions for read:user,repo,user:email,workflow...
2026-06-12 16:23:52.720 [info] Got 0 sessions for read:user,repo,user:email,workflow...
2026-06-12 16:23:52.772 [info] Getting sessions for user:email...
2026-06-12 16:23:52.772 [info] Got 1 sessions for user:email...
2026-06-12 16:23:52.773 [info] Getting sessions for read:user,repo,user:email,workflow...
2026-06-12 16:23:52.773 [info] Got 0 sessions for read:user,repo,user:email,workflow...
2026-06-12 16:23:53.560 [info] Getting sessions for all scopes...
2026-06-12 16:23:53.560 [info] Got 1 sessions for ...
2026-06-12 16:23:53.584 [info] Getting sessions for all scopes...
2026-06-12 16:23:53.584 [info] Got 1 sessions for ...
2026-06-12 16:23:53.589 [info] Getting sessions for all scopes...
2026-06-12 16:23:53.589 [info] Got 1 sessions for ...
2026-06-12 16:23:53.613 [info] Getting sessions for all scopes...
2026-06-12 16:23:53.613 [info] Got 1 sessions for ...
2026-06-12 16:23:53.853 [info] Getting sessions for read:user,repo,user:email,workflow...
2026-06-12 16:23:53.853 [info] Got 0 sessions for read:user,repo,user:email,workflow...
2026-06-12 16:23:53.963 [info] Getting sessions for user:email...
2026-06-12 16:23:53.963 [info] Got 1 sessions for user:email...
2026-06-12 16:23:53.964 [info] Getting sessions for read:user,repo,user:email,workflow...
2026-06-12 16:23:53.964 [info] Got 0 sessions for read:user,repo,user:email,workflow...
2026-06-12 16:23:54.217 [info] Getting sessions for all scopes...
2026-06-12 16:23:54.217 [info] Got 1 sessions for ...
2026-06-12 16:23:54.265 [info] Getting sessions for all scopes...
2026-06-12 16:23:54.265 [info] Got 1 sessions for ...
2026-06-12 16:23:54.266 [info] Getting sessions for read:user,repo,user:email,workflow...
2026-06-12 16:23:54.266 [info] Got 0 sessions for read:user,repo,user:email,workflow...
2026-06-12 16:23:54.269 [info] Getting sessions for user:email...
2026-06-12 16:23:54.269 [info] Got 1 sessions for user:email...
2026-06-12 16:23:54.269 [info] Getting sessions for read:user,repo,user:email,workflow...
2026-06-12 16:23:54.269 [info] Got 0 sessions for read:user,repo,user:email,workflow...
2026-06-12 16:23:59.587 [info] Getting sessions for all scopes...
2026-06-12 16:23:59.587 [info] Got 1 sessions for ...
2026-06-12 16:23:59.591 [info] Getting sessions for all scopes...
2026-06-12 16:23:59.591 [info] Got 1 sessions for ...
2026-06-12 16:24:32.100 [info] Getting sessions for all scopes...
2026-06-12 16:24:32.101 [info] Got 1 sessions for ...
2026-06-12 16:24:32.102 [info] Getting sessions for all scopes...
2026-06-12 16:24:32.102 [info] Got 1 sessions for ...
2026-06-12 16:24:41.307 [info] Getting sessions for all scopes...
2026-06-12 16:24:41.307 [info] Got 1 sessions for ...
2026-06-12 16:24:41.355 [info] Getting sessions for all scopes...
2026-06-12 16:24:41.355 [info] Got 1 sessions for ...
2026-06-12 16:25:12.656 [info] Getting sessions for all scopes...
2026-06-12 16:25:12.657 [info] Got 1 sessions for ...
2026-06-12 16:25:12.658 [info] Getting sessions for all scopes...
2026-06-12 16:25:12.658 [info] Got 1 sessions for ...
