2026-06-12 16:22:43.199 [info] Reading sessions from keychain...
2026-06-12 16:22:43.199 [info] Getting sessions for all scopes...
2026-06-12 16:22:43.642 [info] Got stored sessions!
2026-06-12 16:22:43.643 [info] Got 1 verified sessions.
2026-06-12 16:22:43.643 [info] Got 1 sessions for ...
2026-06-12 16:22:43.643 [info] Getting sessions for all scopes...
2026-06-12 16:22:43.644 [info] Got 1 sessions for ...
2026-06-12 16:22:43.787 [info] Getting sessions for all scopes...
2026-06-12 16:22:43.788 [info] Got 1 sessions for ...
2026-06-12 16:22:44.311 [info] Getting sessions for all scopes...
2026-06-12 16:22:44.311 [info] Got 1 sessions for ...
2026-06-12 16:22:50.597 [info] Getting sessions for user:email...
2026-06-12 16:22:50.598 [info] Got 1 sessions for user:email...
2026-06-12 16:22:50.655 [info] Getting sessions for all scopes...
2026-06-12 16:22:50.656 [info] Got 1 sessions for ...
2026-06-12 16:22:51.633 [info] FetcherService: Electron fetch failed with status: 429 
2026-06-12 16:22:51.671 [info] Unable to resolve optional EDU details. Status: 429 
2026-06-12 16:22:51.837 [info] Getting sessions for all scopes...
2026-06-12 16:22:51.837 [info] Got 1 sessions for ...
2026-06-12 16:22:51.838 [info] Getting sessions for all scopes...
2026-06-12 16:22:51.838 [info] Got 1 sessions for ...
2026-06-12 16:22:54.497 [info] Getting sessions for read:user,repo,user:email,workflow...
2026-06-12 16:22:54.498 [info] Got 0 sessions for read:user,repo,user:email,workflow...
