2026-06-12 16:35:46.411 [info] Reading sessions from keychain...
2026-06-12 16:35:46.411 [info] Getting sessions for all scopes...
2026-06-12 16:35:47.004 [info] Got stored sessions!
2026-06-12 16:35:47.005 [info] Got 1 verified sessions.
2026-06-12 16:35:47.005 [info] Got 1 sessions for ...
2026-06-12 16:35:47.005 [info] Getting sessions for all scopes...
2026-06-12 16:35:47.005 [info] Got 1 sessions for ...
2026-06-12 16:35:47.102 [info] Getting sessions for all scopes...
2026-06-12 16:35:47.103 [info] Got 1 sessions for ...
2026-06-12 16:35:47.576 [info] Getting sessions for all scopes...
2026-06-12 16:35:47.576 [info] Got 1 sessions for ...
2026-06-12 16:35:57.211 [info] Getting sessions for user:email...
2026-06-12 16:35:57.211 [info] Got 1 sessions for user:email...
2026-06-12 16:35:57.346 [info] Getting sessions for all scopes...
2026-06-12 16:35:57.347 [info] Got 1 sessions for ...
2026-06-12 16:35:58.081 [info] FetcherService: Electron fetch failed with status: 429 
2026-06-12 16:35:58.140 [info] Unable to resolve optional EDU details. Status: 429 
2026-06-12 16:35:58.335 [info] Getting sessions for all scopes...
2026-06-12 16:35:58.335 [info] Got 1 sessions for ...
2026-06-12 16:35:58.336 [info] Getting sessions for all scopes...
2026-06-12 16:35:58.337 [info] Got 1 sessions for ...
2026-06-12 16:35:59.540 [info] Getting sessions for read:user,repo,user:email,workflow...
2026-06-12 16:35:59.540 [info] Got 0 sessions for read:user,repo,user:email,workflow...
2026-06-12 16:36:05.987 [info] Getting sessions for all scopes...
2026-06-12 16:36:05.988 [info] Got 1 sessions for ...
2026-06-12 16:36:06.014 [info] Getting sessions for user:email...
2026-06-12 16:36:06.015 [info] Got 1 sessions for user:email...
2026-06-12 16:36:06.015 [info] Getting sessions for read:user,repo,user:email,workflow...
2026-06-12 16:36:06.015 [info] Got 0 sessions for read:user,repo,user:email,workflow...
2026-06-12 16:36:06.058 [info] Getting sessions for user:email...
2026-06-12 16:36:06.058 [info] Got 1 sessions for user:email...
2026-06-12 16:36:06.064 [info] Getting sessions for user:email...
2026-06-12 16:36:06.064 [info] Got 1 sessions for user:email...
2026-06-12 16:36:06.064 [info] Getting sessions for all scopes...
2026-06-12 16:36:06.064 [info] Got 1 sessions for ...
2026-06-12 16:36:06.065 [info] Getting sessions for all scopes...
2026-06-12 16:36:06.065 [info] Got 1 sessions for ...
2026-06-12 16:36:06.123 [info] Getting sessions for read:user,repo,user:email,workflow...
2026-06-12 16:36:06.123 [info] Got 0 sessions for read:user,repo,user:email,workflow...
2026-06-12 16:36:06.140 [info] Getting sessions for user:email...
2026-06-12 16:36:06.140 [info] Got 1 sessions for user:email...
2026-06-12 16:36:06.141 [info] Getting sessions for read:user,repo,user:email,workflow...
2026-06-12 16:36:06.141 [info] Got 0 sessions for read:user,repo,user:email,workflow...
2026-06-12 16:36:06.736 [info] Getting sessions for all scopes...
2026-06-12 16:36:06.736 [info] Got 1 sessions for ...
2026-06-12 16:36:06.737 [info] Getting sessions for all scopes...
2026-06-12 16:36:06.737 [info] Got 1 sessions for ...
2026-06-12 16:36:06.865 [info] Getting sessions for read:user,repo,user:email,workflow...
2026-06-12 16:36:06.865 [info] Got 0 sessions for read:user,repo,user:email,workflow...
2026-06-12 16:36:06.872 [info] Getting sessions for user:email...
2026-06-12 16:36:06.872 [info] Got 1 sessions for user:email...
2026-06-12 16:36:06.873 [info] Getting sessions for read:user,repo,user:email,workflow...
2026-06-12 16:36:06.873 [info] Got 0 sessions for read:user,repo,user:email,workflow...
2026-06-12 16:36:07.445 [info] Getting sessions for all scopes...
2026-06-12 16:36:07.445 [info] Got 1 sessions for ...
2026-06-12 16:36:07.546 [info] Getting sessions for all scopes...
2026-06-12 16:36:07.546 [info] Got 1 sessions for ...
2026-06-12 16:36:07.548 [info] Getting sessions for all scopes...
2026-06-12 16:36:07.548 [info] Got 1 sessions for ...
2026-06-12 16:36:07.555 [info] Getting sessions for all scopes...
2026-06-12 16:36:07.556 [info] Got 1 sessions for ...
2026-06-12 16:36:07.648 [info] Getting sessions for read:user,repo,user:email,workflow...
2026-06-12 16:36:07.648 [info] Got 0 sessions for read:user,repo,user:email,workflow...
2026-06-12 16:36:07.656 [info] Getting sessions for user:email...
2026-06-12 16:36:07.656 [info] Got 1 sessions for user:email...
2026-06-12 16:36:07.656 [info] Getting sessions for read:user,repo,user:email,workflow...
2026-06-12 16:36:07.656 [info] Got 0 sessions for read:user,repo,user:email,workflow...
2026-06-12 16:36:08.040 [info] Getting sessions for all scopes...
2026-06-12 16:36:08.041 [info] Got 1 sessions for ...
2026-06-12 16:36:08.115 [info] Getting sessions for read:user,repo,user:email,workflow...
2026-06-12 16:36:08.115 [info] Got 0 sessions for read:user,repo,user:email,workflow...
2026-06-12 16:36:08.155 [info] Getting sessions for read:user,repo,user:email,workflow...
2026-06-12 16:36:08.155 [info] Got 0 sessions for read:user,repo,user:email,workflow...
2026-06-12 16:36:47.682 [info] Getting sessions for all scopes...
2026-06-12 16:36:47.682 [info] Got 1 sessions for ...
2026-06-12 16:36:47.684 [info] Getting sessions for all scopes...
2026-06-12 16:36:47.684 [info] Got 1 sessions for ...
2026-06-12 16:36:47.686 [info] Getting sessions for all scopes...
2026-06-12 16:36:47.686 [info] Got 1 sessions for ...
2026-06-12 16:36:47.690 [info] Getting sessions for read:user,repo,user:email,workflow...
2026-06-12 16:36:47.690 [info] Got 0 sessions for read:user,repo,user:email,workflow...
2026-06-12 16:36:47.696 [info] Getting sessions for read:user,repo,user:email,workflow...
2026-06-12 16:36:47.697 [info] Got 0 sessions for read:user,repo,user:email,workflow...
2026-06-12 16:36:47.702 [info] Getting sessions for all scopes...
2026-06-12 16:36:47.702 [info] Got 1 sessions for ...
2026-06-12 16:36:47.707 [info] Getting sessions for read:user,repo,user:email,workflow...
2026-06-12 16:36:47.707 [info] Got 0 sessions for read:user,repo,user:email,workflow...
2026-06-12 16:36:47.711 [info] Getting sessions for user:email...
2026-06-12 16:36:47.711 [info] Got 1 sessions for user:email...
2026-06-12 16:36:55.140 [info] Getting sessions for all scopes...
2026-06-12 16:36:55.140 [info] Got 1 sessions for ...
2026-06-12 16:36:55.142 [info] Getting sessions for all scopes...
2026-06-12 16:36:55.142 [info] Got 1 sessions for ...
